// Jest Snapshot v1, https://goo.gl/fbAQLP

exports[`<App /> it renders correctly 1`] = `
Array [
  <div
    className="Logo__Wrapper-sc-93jl4l-0 iqnUmW"
  >
    <img
      alt="Crunch Accounting"
      className="Logo__Image-sc-93jl4l-1 dlLYpb"
      src={
        Object {
          "process": [Function],
        }
      }
    />
  </div>,
  <div
    className="page"
  >
    <div
      className="Bar__Wrapper-zz9hha-0 fAeZLA columns is-mobile is-vcentered"
    >
      <div
        className="column"
      >
        <h1
          className="subtitle has-text-white is-size-4"
        >
          Create Contact
        </h1>
      </div>
      <div
        className="column"
      >
        <div
          className="buttons is-right"
        >
          <button
            className="ThinButton__Button-sc-4cjewm-0 iFsqJE button is-primary is-inverted"
            disabled={false}
            onClick={[Function]}
            type="button"
          >
            Cancel
          </button>
          <button
            className="ThinButton__Button-sc-4cjewm-0 iFsqJE button is-primary"
            disabled={true}
            type="button"
          >
            Save
          </button>
        </div>
      </div>
    </div>
    <div
      className="section"
    >
      <div
        className="containter is-fluid"
      >
        <form
          className="form"
        >
          <div
            className="content"
          >
            <h2
              className="subtitle has-text-primary has-text-weight-normal is-size-4"
            >
              Contact Information
            </h2>
            <div
              className="field is-horizontal"
            >
              <div
                className="field-body"
              >
                <div
                  className="field"
                >
                  <label
                    className="label has-text-weight-normal"
                    htmlFor="firstName"
                  >
                    First Name
                  </label>
                  <div
                    className="control has-icons-right"
                  >
                    <input
                      className="input is-radiusless"
                      id="firstName"
                      name="firstName"
                      onBlur={[Function]}
                      onChange={[Function]}
                      placeholder="John"
                      value=""
                    />
                    <span
                      className="icon is-small is-right"
                    />
                  </div>
                </div>
                <div
                  className="field"
                >
                  <label
                    className="label has-text-weight-normal"
                    htmlFor="lastName"
                  >
                    Last Name
                  </label>
                  <div
                    className="control has-icons-right"
                  >
                    <input
                      className="input is-radiusless"
                      id="lastName"
                      name="lastName"
                      onBlur={[Function]}
                      onChange={[Function]}
                      placeholder="Smith"
                      value=""
                    />
                    <span
                      className="icon is-small is-right"
                    />
                  </div>
                </div>
              </div>
            </div>
            <div
              className="field is-horizontal"
            >
              <div
                className="field-body"
              >
                <div
                  className="field"
                >
                  <label
                    className="label has-text-weight-normal"
                    htmlFor="accountName"
                  >
                    Account Name
                  </label>
                  <div
                    className="control has-icons-right"
                  >
                    <input
                      className="input is-radiusless"
                      id="accountName"
                      name="accountName"
                      onBlur={[Function]}
                      onChange={[Function]}
                      placeholder="John's Joinery"
                      value=""
                    />
                    <span
                      className="icon is-small is-right"
                    />
                  </div>
                </div>
                <div
                  className="field"
                >
                  <label
                    className="label has-text-weight-normal"
                    htmlFor="companyName"
                  >
                    Company Name (optional)
                  </label>
                  <div
                    className="control has-icons-right"
                  >
                    <input
                      className="input is-radiusless"
                      id="companyName"
                      name="companyName"
                      onChange={[Function]}
                      value=""
                    />
                    <span
                      className="icon is-small is-right"
                    />
                  </div>
                </div>
              </div>
            </div>
            <div
              className="field is-horizontal"
            >
              <div
                className="field-body"
              >
                <div
                  className="field"
                >
                  <label
                    className="label has-text-weight-normal"
                    htmlFor="phone"
                  >
                    Phone
                  </label>
                  <div
                    className="control has-icons-right"
                  >
                    <input
                      className="input is-radiusless"
                      id="phone"
                      name="phone"
                      onBlur={[Function]}
                      onChange={[Function]}
                      placeholder="02 123 456 78"
                      value=""
                    />
                    <span
                      className="icon is-small is-right"
                    />
                  </div>
                </div>
                <div
                  className="field"
                >
                  <label
                    className="label has-text-weight-normal"
                    htmlFor="fax"
                  >
                    Fax (optional)
                  </label>
                  <div
                    className="control has-icons-right"
                  >
                    <input
                      className="input is-radiusless"
                      id="fax"
                      name="fax"
                      onBlur={[Function]}
                      onChange={[Function]}
                      placeholder="02 123 456 79"
                    />
                    <span
                      className="icon is-small is-right"
                    />
                  </div>
                </div>
              </div>
            </div>
            <div
              className="field is-horizontal"
            >
              <div
                className="field-body"
              >
                <div
                  className="field"
                >
                  <label
                    className="label has-text-weight-normal"
                    htmlFor="title"
                  >
                    Title (optional)
                  </label>
                  <div
                    className="control has-icons-right"
                  >
                    <input
                      className="input is-radiusless"
                      id="title"
                      name="title"
                      onChange={[Function]}
                      placeholder="Owner"
                      value=""
                    />
                    <span
                      className="icon is-small is-right"
                    />
                  </div>
                </div>
                <div
                  className="field"
                >
                  <label
                    className="label has-text-weight-normal"
                    htmlFor="email"
                  >
                    Email
                  </label>
                  <div
                    className="control has-icons-right"
                  >
                    <input
                      className="input is-radiusless"
                      id="email"
                      name="email"
                      onBlur={[Function]}
                      onChange={[Function]}
                      placeholder="some@email.com"
                      type="email"
                      value=""
                    />
                    <span
                      className="icon is-small is-right"
                    />
                  </div>
                </div>
              </div>
            </div>
            <div
              className="field"
            >
              <label
                className="checkbox"
              >
                Email Opt Out
                 
                <input
                  type="checkbox"
                />
              </label>
            </div>
          </div>
          <div
            className="content"
          >
            <h2
              className="subtitle has-text-primary has-text-weight-normal is-size-4"
            >
              Address Information
            </h2>
            <div
              className="field is-horizontal"
            >
              <div
                className="field-body"
              >
                <div
                  className="field"
                >
                  <label
                    className="label has-text-weight-normal"
                    htmlFor="street"
                  >
                    Street No. & Street
                  </label>
                  <div
                    className="control has-icons-right"
                  >
                    <input
                      className="input is-radiusless"
                      id="street"
                      name="street"
                      onBlur={[Function]}
                      onChange={[Function]}
                      placeholder="1, Elizabeth Street"
                      value=""
                    />
                    <span
                      className="icon is-small is-right"
                    />
                  </div>
                </div>
                <div
                  className="field"
                >
                  <label
                    className="label has-text-weight-normal"
                    htmlFor="city"
                  >
                    City
                  </label>
                  <div
                    className="control has-icons-right"
                  >
                    <input
                      className="input is-radiusless"
                      id="city"
                      name="city"
                      onBlur={[Function]}
                      onChange={[Function]}
                      placeholder="Sidney"
                      value=""
                    />
                    <span
                      className="icon is-small is-right"
                    />
                  </div>
                </div>
              </div>
            </div>
            <div
              className="field is-horizontal"
            >
              <div
                className="field-body"
              >
                <div
                  className="field"
                >
                  <label
                    className="label has-text-weight-normal"
                    htmlFor="states"
                  >
                    State
                  </label>
                  <div
                    className="control has-icons-right"
                  >
                    <div
                      className="TypeAhead__Wrapper-udfy0h-0 ewRyZB control has-icons-right"
                    >
                      <input
                        className="input is-radiusless"
                        id="states"
                        onChange={[Function]}
                        onFocus={[Function]}
                        placeholder="Search State or Territory"
                        type="text"
                        value=""
                      />
                      <span
                        className="icon is-small is-right"
                      >
                        <i
                          className="TypeAhead__SearchIcon-udfy0h-3 lewkZx material-icons"
                        >
                           search 
                        </i>
                      </span>
                      <ul
                        className="TypeAhead__OptionList-udfy0h-1 gNaUim"
                      >
                        <li
                          className="TypeAhead__SelectableItem-udfy0h-2 cLNREU"
                          onClick={[Function]}
                        >
                          New South Wales
                        </li>
                        <li
                          className="TypeAhead__SelectableItem-udfy0h-2 cLNREU"
                          onClick={[Function]}
                        >
                          Victoria
                        </li>
                        <li
                          className="TypeAhead__SelectableItem-udfy0h-2 cLNREU"
                          onClick={[Function]}
                        >
                          Queensland
                        </li>
                        <li
                          className="TypeAhead__SelectableItem-udfy0h-2 cLNREU"
                          onClick={[Function]}
                        >
                          Western Australia
                        </li>
                        <li
                          className="TypeAhead__SelectableItem-udfy0h-2 cLNREU"
                          onClick={[Function]}
                        >
                          South Australia
                        </li>
                        <li
                          className="TypeAhead__SelectableItem-udfy0h-2 cLNREU"
                          onClick={[Function]}
                        >
                          Tasmania
                        </li>
                      </ul>
                    </div>
                    <span
                      className="icon is-small is-right"
                    />
                  </div>
                </div>
                <div
                  className="field"
                >
                  <label
                    className="label has-text-weight-normal"
                    htmlFor="postcode"
                  >
                    Postcode
                  </label>
                  <div
                    className="control has-icons-right"
                  >
                    <input
                      className="input is-radiusless"
                      id="postcode"
                      name="postcode"
                      onBlur={[Function]}
                      onChange={[Function]}
                      placeholder="2000"
                      value=""
                    />
                    <span
                      className="icon is-small is-right"
                    />
                  </div>
                </div>
              </div>
            </div>
          </div>
          <div
            className="content"
          >
            <h2
              className="subtitle has-text-primary has-text-weight-normal is-size-4"
            >
              Description Information
            </h2>
            <div
              className="field"
            >
              <label
                className="label has-text-weight-normal"
                htmlFor="description"
              >
                Description
              </label>
              <div
                className="control has-icons-right"
              >
                <textarea
                  className="textarea"
                  name="description"
                  onBlur={[Function]}
                  onChange={[Function]}
                  rows={10}
                  value=""
                />
                <span
                  className="icon is-small is-right"
                />
              </div>
            </div>
          </div>
        </form>
      </div>
    </div>
    <footer
      className="footer has-text-centered"
    >
      <div
        className="columns"
      >
        <div
          className="column"
        >
          <p>
            Ⓒ 2020 Crunch Accounting. All right reseved.
          </p>
        </div>
        <div
          className="column"
        >
          <a
            className="has-text-grey-dark has-around-padding"
            href="/privacy"
            onClick={[Function]}
          >
            Privacy Policy
          </a>
           
          <a
            className="has-text-grey-dark has-around-padding"
            href="/terms"
            onClick={[Function]}
          >
            Terms of Service
          </a>
        </div>
      </div>
    </footer>
  </div>,
]
`;
