// Jest Snapshot v1, https://goo.gl/fbAQLP

exports[`<App /> it renders correctly 1`] = `
<div
  className="content is-fluid"
>
  <form
    className="form"
  >
    <div
      className="field"
    >
      <label
        className="label"
        htmlFor="states"
      >
        State
      </label>
      <div
        className="control"
      >
        <div
          className="TypeAhead__Wrapper-udfy0h-0 ewRyZB control has-icons-right"
        >
          <input
            className="TypeAhead__SearchInput-udfy0h-1 ffyngv input"
            id="states"
            onChange={[Function]}
            onFocus={[Function]}
            placeholder="Search State or Territory"
            type="text"
            value=""
          />
          <span
            className="icon is-small is-right"
          >
            <i
              className="TypeAhead__SearchIcon-udfy0h-4 bZKGly material-icons"
            >
               search 
            </i>
          </span>
          <ul
            className="TypeAhead__OptionList-udfy0h-2 bgYScN"
          >
            <li
              className="TypeAhead__SelectableItem-udfy0h-3 GiaRB"
              onClick={[Function]}
            >
              New South Wales
            </li>
            <li
              className="TypeAhead__SelectableItem-udfy0h-3 GiaRB"
              onClick={[Function]}
            >
              Victoria
            </li>
            <li
              className="TypeAhead__SelectableItem-udfy0h-3 GiaRB"
              onClick={[Function]}
            >
              Queensland
            </li>
            <li
              className="TypeAhead__SelectableItem-udfy0h-3 GiaRB"
              onClick={[Function]}
            >
              Western Australia
            </li>
            <li
              className="TypeAhead__SelectableItem-udfy0h-3 GiaRB"
              onClick={[Function]}
            >
              South Australia
            </li>
            <li
              className="TypeAhead__SelectableItem-udfy0h-3 GiaRB"
              onClick={[Function]}
            >
              Tasmania
            </li>
          </ul>
        </div>
      </div>
    </div>
  </form>
</div>
`;
